2026-04-07 20:31:33 [INFO] Running startup checks...
2026-04-07 20:31:33 [WARNING] Bundled fallback font not found at: C:\Users\LIN\OfflineNote\dist\portable\resources\fonts\NotoSans
2026-04-07 20:31:33 [INFO] All startup checks passed.
2026-04-07 20:31:33 [INFO] AppController created
2026-04-07 20:31:34 [INFO] Application startup complete
2026-04-07 20:31:45 [INFO] 已儲存: 中文
2026-04-07 20:31:53 [INFO] 已匯出筆記: C:\Users\LIN\Downloads\中文.onote
2026-04-07 20:32:25 [INFO] 正在載入圖片: C:\Users\LIN\Downloads\1774186003768-019d15b9-4a9f-7843-970b-b53df21a0111.png
2026-04-07 20:32:25 [INFO] 已插入圖片: 2615x3701
2026-04-07 20:32:34 [INFO] Auto-saved 1 notes
2026-04-07 20:33:04 [INFO] Auto-saved 1 notes
2026-04-07 20:33:35 [INFO] 已儲存: 中文
2026-04-07 20:33:36 [INFO] 已儲存: 中文
2026-04-07 20:34:04 [INFO] Auto-saved 1 notes
2026-04-07 20:34:07 [INFO] 已儲存: 中文2
2026-04-07 20:34:08 [INFO] 已儲存: 中文2
2026-04-07 20:34:08 [INFO] 已儲存: 中文2
2026-04-07 20:34:17 [INFO] 已儲存: 中文2
2026-04-07 20:34:18 [INFO] Application shutting down
2026-04-07 20:34:18 [INFO] AppController destroying
2026-04-07 20:34:18 [INFO] Shutdown complete
